start: disk usage on /l:
+ df -h /l
Filesystem      Size  Used Avail Use% Mounted on
/dev/nvme0n1p1  880G  476G  359G  58% /
+ export ANT_HOME=/usr/local/src/apache-ant-1.9.5
+ ANT_HOME=/usr/local/src/apache-ant-1.9.5
+ export JAVA_HOME=/usr/lib/jvm/java-26-openjdk
+ JAVA_HOME=/usr/lib/jvm/java-26-openjdk
+ export GRADLE_HOME=/usr/local/src/gradle-2.9
+ GRADLE_HOME=/usr/local/src/gradle-2.9
+ export PATH=/usr/local/src/apache-ant-1.9.5/bin:/usr/lib/jvm/java-26-openjdk/bin:/usr/local/src/gradle-2.9/bin:/usr/local/sbin:/usr/local/bin:/usr/sbin:/usr/bin:/sbin:/bin:/usr/games
+ PATH=/usr/local/src/apache-ant-1.9.5/bin:/usr/lib/jvm/java-26-openjdk/bin:/usr/local/src/gradle-2.9/bin:/usr/local/sbin:/usr/local/bin:/usr/sbin:/usr/bin:/sbin:/bin:/usr/games
++ date
+ echo -e '\n\nTue Sep 29 06:00:04 PM EDT 2026: now start nightly benchmarks'


Tue Sep 29 06:00:04 PM EDT 2026: now start nightly benchmarks
+ pkill java
+ true
+ pkill mencoder
+ true
+ cd /l/trunk.nightly/lucene
+ git checkout main
Already on 'main'
Your branch is up to date with 'origin/main'.
+ git pull origin main
From https://gitbox.apache.org/repos/asf/lucene
 * branch                    main       -> FETCH_HEAD
   55fd2e75fb2..fadd63e0eb4  main       -> origin/main
Updating 55fd2e75fb2..fadd63e0eb4
Fast-forward
 .github/actionlint.yaml                            |   4 +-
 .github/workflows/actions.yml                      |   2 +-
 .github/workflows/activity-report.yml              |   2 +-
 .github/workflows/backport.yml                     |   6 +-
 .github/workflows/codeql.yml                       |   2 +-
 .github/workflows/dependency-submission.yml        |   2 +-
 .github/workflows/mark-stale-PRs.yml               |   2 +-
 .github/workflows/run-checks-all.yml               |   4 +-
 .github/workflows/run-checks-gradle-upgrade.yml    |   6 +-
 .../run-checks-mod-analysis-common-hunspell.yml    |   2 +-
 .github/workflows/run-checks-python.yml            |   4 +-
 .github/workflows/run-nightly-smoketester.yml      |   2 +-
 .github/workflows/run-scheduled-hunspell.yml       |   2 +-
 .../workflows/run-scheduled-spotless-groovy.yml    |   2 +-
 .../verify-changelog-and-set-milestone.disabled    |   2 +-
 lucene/CHANGES.txt                                 |  17 ++
 .../apache/lucene/analysis/th/ThaiTokenizer.java   |   3 +-
 .../lucene/analysis/th/TestThaiTokenizer.java      |   9 +
 .../benchmark/jmh/LRUQueryCacheBenchmark.java      |  59 +++-
 .../org/apache/lucene/search/DocAndScoreQuery.java |  31 ++-
 .../search/Float16VectorSimilarityQuery.java       | 171 ++++++++++++
 .../org/apache/lucene/search/LRUQueryCache.java    | 180 +++++++++---
 .../java/org/apache/lucene/util/compress/LZ4.java  |   5 +
 .../org/apache/lucene/util/fst/FSTCompiler.java    |   3 +
 .../apache/lucene/util/fst/FSTSuffixNodeCache.java |  26 +-
 .../search/TestFloat16VectorSimilarityQuery.java   |  91 ++++++
 .../search/TestHnswQueueSaturationCollector.java   |  29 +-
 .../apache/lucene/search/TestLRUQueryCache.java    | 122 +++++++++
 .../lucene/util/compress/TestDecompressLZ4.java    |  66 +++++
 .../facet/cutters/ranges/IntervalTracker.java      |  11 +
 .../facet/cutters/ranges/LongRangeFacetCutter.java | 262 +++++++++++++-----
 .../ranges/NonOverlappingLongRangeFacetCutter.java |  30 +-
 .../ranges/OverlappingLongRangeFacetCutter.java    |  44 ++-
 .../facet/utils/RangeFacetBuilderFactory.java      |   4 +-
 .../lucene/sandbox/facet/TestRangeFacet.java       | 305 +++++++++++++++++++++
 35 files changed, 1370 insertions(+), 142 deletions(-)
 create mode 100644 lucene/core/src/java/org/apache/lucene/search/Float16VectorSimilarityQuery.java
 create mode 100644 lucene/core/src/test/org/apache/lucene/search/TestFloat16VectorSimilarityQuery.java
+ ../gradlew clean
Starting a Gradle Daemon (subsequent builds will be faster)
> Task :build-infra:compileJava UP-TO-DATE
> Task :build-infra:pluginDescriptors UP-TO-DATE
> Task :build-infra:processResources UP-TO-DATE
> Task :build-infra:classes UP-TO-DATE
> Task :build-infra:jar UP-TO-DATE
The eclint tool location is not set ('lucene.tool.eclint' option), will not apply eclint checks.
The eclint tool location is not set ('lucene.tool.eclint' option), will not apply eclint checks.
> Task :lucene:distribution:clean UP-TO-DATE
> Task :lucene:clean UP-TO-DATE
> Task :lucene:demo:clean
> Task :lucene:analysis:clean UP-TO-DATE
> Task :lucene:analysis.tests:clean
> Task :lucene:core.tests:clean
> Task :lucene:classification:clean
> Task :lucene:benchmark:clean
> Task :lucene:documentation:clean UP-TO-DATE
> Task :lucene:distribution.tests:clean
> Task :lucene:codecs:clean
> Task :lucene:expressions:clean
> Task :lucene:grouping:clean
> Task :lucene:memory:clean
> Task :lucene:backward-codecs:clean
> Task :lucene:monitor:clean
> Task :lucene:misc:clean
> Task :lucene:join:clean
> Task :lucene:replicator:clean
> Task :lucene:facet:clean
> Task :lucene:highlighter:clean
> Task :lucene:spatial-test-fixtures:clean
> Task :lucene:analysis:icu:clean
> Task :lucene:luke:clean
> Task :lucene:spatial-extras:clean
> Task :lucene:suggest:clean
> Task :lucene:spatial3d:clean
> Task :lucene:analysis:morfologik.tests:clean
> Task :lucene:queryparser:clean
> Task :lucene:analysis:morfologik:clean
> Task :lucene:analysis:opennlp:clean
> Task :lucene:analysis:phonetic:clean
> Task :lucene:sandbox:clean
> Task :lucene:queries:clean
> Task :lucene:analysis:kuromoji:clean
> Task :lucene:analysis:smartcn:clean
> Task :lucene:analysis:stempel:clean
> Task :lucene:analysis:nori:clean
> Task :lucene:benchmark-jmh:clean
> Task :lucene:test-framework:clean
> Task :lucene:analysis:common:clean
> Task :lucene:core:clean

BUILD SUCCESSFUL in 7s
46 actionable tasks: 38 executed, 8 up-to-date
Consider enabling configuration cache to speed up this build: https://docs.gradle.org/9.8.0/userguide/configuration_cache_enabling.html
+ ../gradlew jar
+ cd /l/util.nightly
+ echo 'activate luceneutil venv'
activate luceneutil venv
+ make env
make: Nothing to be done for 'env'.
+ source .venv/bin/activate
++ deactivate nondestructive
++ '[' -n '' ']'
++ '[' -n '' ']'
++ hash -r
++ '[' -n '' ']'
++ unset VIRTUAL_ENV
++ unset VIRTUAL_ENV_PROMPT
++ '[' '!' nondestructive = nondestructive ']'
++ case "$(uname)" in
+++ uname
++ export VIRTUAL_ENV=/l/util.nightly/.venv
++ VIRTUAL_ENV=/l/util.nightly/.venv
++ _OLD_VIRTUAL_PATH=/usr/local/src/apache-ant-1.9.5/bin:/usr/lib/jvm/java-26-openjdk/bin:/usr/local/src/gradle-2.9/bin:/usr/local/sbin:/usr/local/bin:/usr/sbin:/usr/bin:/sbin:/bin:/usr/games
++ PATH=/l/util.nightly/.venv/bin:/usr/local/src/apache-ant-1.9.5/bin:/usr/lib/jvm/java-26-openjdk/bin:/usr/local/src/gradle-2.9/bin:/usr/local/sbin:/usr/local/bin:/usr/sbin:/usr/bin:/sbin:/bin:/usr/games
++ export PATH
++ VIRTUAL_ENV_PROMPT=.venv
++ export VIRTUAL_ENV_PROMPT
++ '[' -n '' ']'
++ '[' -z '' ']'
++ _OLD_VIRTUAL_PS1=
++ PS1='(.venv) '
++ export PS1
++ hash -r
+ rm -rf build
+ mkdir build
+ git pull origin main
error: cannot pull with rebase: You have unstaged changes.
error: Please commit or stash them.
+ cp /l/logs.nightly/all.log /l/reports.nightly
